  $ /home/brian/Dev/ml/stanc3/stanc.exe auto.stan
Semantic error in 'auto.stan', line 2, column 7 to column 11:
   -------------------------------------------------
     1:  data {
     2:    real auto;
                ^
     3:  }
     4:  model {
   -------------------------------------------------

Identifier 'auto' clashes with reserved keyword.
  $ /home/brian/Dev/ml/stanc3/stanc.exe break.stan
Syntax error in 'break.stan', line 2, column 7 to column 12, parsing error:
   -------------------------------------------------
     1:  data {
     2:    real break;
                ^
     3:  }
     4:  model {
   -------------------------------------------------

Expected a new identifier but found reserved keyword 'break'.
  $ /home/brian/Dev/ml/stanc3/stanc.exe cholesky_factor_corr.stan
Syntax error in 'cholesky_factor_corr.stan', line 2, column 7 to column 27, parsing error:
   -------------------------------------------------
     1:  data {
     2:    real cholesky_factor_corr;
                ^
     3:  }
     4:  model {
   -------------------------------------------------

Expected a new identifier but found reserved keyword 'cholesky_factor_corr'.
  $ /home/brian/Dev/ml/stanc3/stanc.exe cholesky_factor_cov.stan
Syntax error in 'cholesky_factor_cov.stan', line 2, column 7 to column 26, parsing error:
   -------------------------------------------------
     1:  data {
     2:    real cholesky_factor_cov;
                ^
     3:  }
     4:  model {
   -------------------------------------------------

Expected a new identifier but found reserved keyword 'cholesky_factor_cov'.
  $ /home/brian/Dev/ml/stanc3/stanc.exe column_stochastic_matrix.stan
Syntax error in 'column_stochastic_matrix.stan', line 2, column 7 to column 31, parsing error:
   -------------------------------------------------
     1:  data {
     2:    real column_stochastic_matrix;
                ^
     3:  }
   -------------------------------------------------

Expected a new identifier but found reserved keyword 'column_stochastic_matrix'.
  $ /home/brian/Dev/ml/stanc3/stanc.exe continue.stan
Syntax error in 'continue.stan', line 2, column 7 to column 15, parsing error:
   -------------------------------------------------
     1:  data {
     2:    real continue;
                ^
     3:  }
     4:  model {
   -------------------------------------------------

Expected a new identifier but found reserved keyword 'continue'.
  $ /home/brian/Dev/ml/stanc3/stanc.exe corr_matrix.stan
Syntax error in 'corr_matrix.stan', line 2, column 7 to column 18, parsing error:
   -------------------------------------------------
     1:  data {
     2:    real corr_matrix;
                ^
     3:  }
     4:  model {
   -------------------------------------------------

Expected a new identifier but found reserved keyword 'corr_matrix'.
  $ /home/brian/Dev/ml/stanc3/stanc.exe cov_matrix.stan
Syntax error in 'cov_matrix.stan', line 2, column 7 to column 17, parsing error:
   -------------------------------------------------
     1:  data {
     2:    real cov_matrix;
                ^
     3:  }
     4:  model {
   -------------------------------------------------

Expected a new identifier but found reserved keyword 'cov_matrix'.
  $ /home/brian/Dev/ml/stanc3/stanc.exe data.stan
Syntax error in 'data.stan', line 2, column 7 to column 11, parsing error:
   -------------------------------------------------
     1:  data {
     2:    real data;
                ^
     3:  }
     4:  model {
   -------------------------------------------------

Expected a new identifier but found reserved keyword 'data'.
  $ /home/brian/Dev/ml/stanc3/stanc.exe else.stan
Syntax error in 'else.stan', line 2, column 7 to column 11, parsing error:
   -------------------------------------------------
     1:  data {
     2:    real else;
                ^
     3:  }
     4:  model {
   -------------------------------------------------

Expected a new identifier but found reserved keyword 'else'.
  $ /home/brian/Dev/ml/stanc3/stanc.exe export.stan
Semantic error in 'export.stan', line 2, column 7 to column 13:
   -------------------------------------------------
     1:  data {
     2:    real export;
                ^
     3:  }
     4:  model {
   -------------------------------------------------

Identifier 'export' clashes with reserved keyword.
  $ /home/brian/Dev/ml/stanc3/stanc.exe extern.stan
Semantic error in 'extern.stan', line 2, column 7 to column 13:
   -------------------------------------------------
     1:  data {
     2:    real extern;
                ^
     3:  }
     4:  model {
   -------------------------------------------------

Identifier 'extern' clashes with reserved keyword.
  $ /home/brian/Dev/ml/stanc3/stanc.exe false.stan
Semantic error in 'false.stan', line 2, column 7 to column 12:
   -------------------------------------------------
     1:  data {
     2:    real false;
                ^
     3:  }
     4:  model {
   -------------------------------------------------

Identifier 'false' clashes with reserved keyword.
  $ /home/brian/Dev/ml/stanc3/stanc.exe for.stan
Syntax error in 'for.stan', line 2, column 7 to column 10, parsing error:
   -------------------------------------------------
     1:  data {
     2:    real for;
                ^
     3:  }
     4:  model {
   -------------------------------------------------

Expected a new identifier but found reserved keyword 'for'.
  $ /home/brian/Dev/ml/stanc3/stanc.exe generated.stan
Semantic error in 'generated.stan', line 2, column 7 to column 16:
   -------------------------------------------------
     1:  data {
     2:    real generated;
                ^
     3:  }
     4:  model {
   -------------------------------------------------

Identifier 'generated' clashes with reserved keyword.
  $ /home/brian/Dev/ml/stanc3/stanc.exe if.stan
Syntax error in 'if.stan', line 2, column 7 to column 9, parsing error:
   -------------------------------------------------
     1:  data {
     2:    real if;
                ^
     3:  }
     4:  model {
   -------------------------------------------------

Expected a new identifier but found reserved keyword 'if'.
  $ /home/brian/Dev/ml/stanc3/stanc.exe in.stan
Syntax error in 'in.stan', line 2, column 7 to column 9, parsing error:
   -------------------------------------------------
     1:  data {
     2:    real in;
                ^
     3:  }
     4:  model {
   -------------------------------------------------

Expected a new identifier but found reserved keyword 'in'.
  $ /home/brian/Dev/ml/stanc3/stanc.exe int.stan
Syntax error in 'int.stan', line 2, column 7 to column 10, parsing error:
   -------------------------------------------------
     1:  data {
     2:    real int;
                ^
     3:  }
     4:  model {
   -------------------------------------------------

Expected a new identifier but found reserved keyword 'int'.
  $ /home/brian/Dev/ml/stanc3/stanc.exe matrix.stan
Syntax error in 'matrix.stan', line 2, column 7 to column 13, parsing error:
   -------------------------------------------------
     1:  data {
     2:    real matrix;
                ^
     3:  }
     4:  model {
   -------------------------------------------------

Expected a new identifier but found reserved keyword 'matrix'.
  $ /home/brian/Dev/ml/stanc3/stanc.exe model.stan
Syntax error in 'model.stan', line 2, column 7 to column 12, parsing error:
   -------------------------------------------------
     1:  data {
     2:    real model;
                ^
     3:  }
     4:  model {
   -------------------------------------------------

Expected a new identifier but found reserved keyword 'model'.
  $ /home/brian/Dev/ml/stanc3/stanc.exe ordered.stan
Syntax error in 'ordered.stan', line 2, column 7 to column 14, parsing error:
   -------------------------------------------------
     1:  data {
     2:    real ordered;
                ^
     3:  }
     4:  model {
   -------------------------------------------------

Expected a new identifier but found reserved keyword 'ordered'.
  $ /home/brian/Dev/ml/stanc3/stanc.exe parameters.stan
Syntax error in 'parameters.stan', line 2, column 7 to column 17, parsing error:
   -------------------------------------------------
     1:  data {
     2:    real parameters;
                ^
     3:  }
     4:  model {
   -------------------------------------------------

Expected a new identifier but found reserved keyword 'parameters'.
  $ /home/brian/Dev/ml/stanc3/stanc.exe positive_ordered.stan
Syntax error in 'positive_ordered.stan', line 2, column 7 to column 23, parsing error:
   -------------------------------------------------
     1:  data {
     2:    real positive_ordered;
                ^
     3:  }
     4:  model {
   -------------------------------------------------

Expected a new identifier but found reserved keyword 'positive_ordered'.
  $ /home/brian/Dev/ml/stanc3/stanc.exe quantities.stan
Semantic error in 'quantities.stan', line 2, column 7 to column 17:
   -------------------------------------------------
     1:  data {
     2:    real quantities;
                ^
     3:  }
     4:  model {
   -------------------------------------------------

Identifier 'quantities' clashes with reserved keyword.
  $ /home/brian/Dev/ml/stanc3/stanc.exe real.stan
Syntax error in 'real.stan', line 2, column 7 to column 11, parsing error:
   -------------------------------------------------
     1:  data {
     2:    real real;
                ^
     3:  }
     4:  model {
   -------------------------------------------------

Expected a new identifier but found reserved keyword 'real'.
  $ /home/brian/Dev/ml/stanc3/stanc.exe repeat.stan
Semantic error in 'repeat.stan', line 2, column 7 to column 13:
   -------------------------------------------------
     1:  data {
     2:    real repeat;
                ^
     3:  }
     4:  model {
   -------------------------------------------------

Identifier 'repeat' clashes with reserved keyword.
  $ /home/brian/Dev/ml/stanc3/stanc.exe return.stan
Syntax error in 'return.stan', line 2, column 7 to column 13, parsing error:
   -------------------------------------------------
     1:  data {
     2:    real return;
                ^
     3:  }
     4:  model {
   -------------------------------------------------

Expected a new identifier but found reserved keyword 'return'.
  $ /home/brian/Dev/ml/stanc3/stanc.exe row_stochastic_matrix.stan
Syntax error in 'row_stochastic_matrix.stan', line 2, column 6 to column 27, parsing error:
   -------------------------------------------------
     1:  generated quantities {
     2:    int row_stochastic_matrix;
               ^
     3:  }
   -------------------------------------------------

Expected a new identifier but found reserved keyword 'row_stochastic_matrix'.
  $ /home/brian/Dev/ml/stanc3/stanc.exe row_vector.stan
Syntax error in 'row_vector.stan', line 2, column 7 to column 17, parsing error:
   -------------------------------------------------
     1:  data {
     2:    real row_vector;
                ^
     3:  }
     4:  model {
   -------------------------------------------------

Expected a new identifier but found reserved keyword 'row_vector'.
  $ /home/brian/Dev/ml/stanc3/stanc.exe simplex.stan
Syntax error in 'simplex.stan', line 2, column 7 to column 14, parsing error:
   -------------------------------------------------
     1:  data {
     2:    real simplex;
                ^
     3:  }
     4:  model {
   -------------------------------------------------

Expected a new identifier but found reserved keyword 'simplex'.
  $ /home/brian/Dev/ml/stanc3/stanc.exe static.stan
Semantic error in 'static.stan', line 2, column 7 to column 13:
   -------------------------------------------------
     1:  data {
     2:    real static;
                ^
     3:  }
     4:  model {
   -------------------------------------------------

Identifier 'static' clashes with reserved keyword.
  $ /home/brian/Dev/ml/stanc3/stanc.exe struct.stan
Semantic error in 'struct.stan', line 2, column 7 to column 13:
   -------------------------------------------------
     1:  data {
     2:    real struct;
                ^
     3:  }
     4:  model {
   -------------------------------------------------

Identifier 'struct' clashes with reserved keyword.
  $ /home/brian/Dev/ml/stanc3/stanc.exe sum_to_zero.stan
Syntax error in 'sum_to_zero.stan', line 2, column 7 to column 25, parsing error:
   -------------------------------------------------
     1:  data {
     2:    real sum_to_zero_vector;
                ^
     3:  }
   -------------------------------------------------

Expected a new identifier but found reserved keyword 'sum_to_zero_vector'.
  $ /home/brian/Dev/ml/stanc3/stanc.exe then.stan
Semantic error in 'then.stan', line 2, column 7 to column 11:
   -------------------------------------------------
     1:  data {
     2:    real then;
                ^
     3:  }
     4:  model {
   -------------------------------------------------

Identifier 'then' clashes with reserved keyword.
  $ /home/brian/Dev/ml/stanc3/stanc.exe transformed.stan
Semantic error in 'transformed.stan', line 2, column 7 to column 18:
   -------------------------------------------------
     1:  data {
     2:    real transformed;
                ^
     3:  }
     4:  model {
   -------------------------------------------------

Identifier 'transformed' clashes with reserved keyword.
  $ /home/brian/Dev/ml/stanc3/stanc.exe true.stan
Semantic error in 'true.stan', line 2, column 7 to column 11:
   -------------------------------------------------
     1:  data {
     2:    real true;
                ^
     3:  }
     4:  model {
   -------------------------------------------------

Identifier 'true' clashes with reserved keyword.
  $ /home/brian/Dev/ml/stanc3/stanc.exe typedef.stan
Semantic error in 'typedef.stan', line 2, column 7 to column 14:
   -------------------------------------------------
     1:  data {
     2:    real typedef;
                ^
     3:  }
     4:  model {
   -------------------------------------------------

Identifier 'typedef' clashes with reserved keyword.
  $ /home/brian/Dev/ml/stanc3/stanc.exe unit_vector.stan
Syntax error in 'unit_vector.stan', line 2, column 7 to column 18, parsing error:
   -------------------------------------------------
     1:  data {
     2:    real unit_vector;
                ^
     3:  }
     4:  model {
   -------------------------------------------------

Expected a new identifier but found reserved keyword 'unit_vector'.
  $ /home/brian/Dev/ml/stanc3/stanc.exe until.stan
Semantic error in 'until.stan', line 2, column 7 to column 12:
   -------------------------------------------------
     1:  data {
     2:    real until;
                ^
     3:  }
     4:  model {
   -------------------------------------------------

Identifier 'until' clashes with reserved keyword.
  $ /home/brian/Dev/ml/stanc3/stanc.exe var.stan
Semantic error in 'var.stan', line 2, column 7 to column 10:
   -------------------------------------------------
     1:  data {
     2:    real var;
                ^
     3:  }
     4:  model {
   -------------------------------------------------

Identifier 'var' clashes with reserved keyword.
  $ /home/brian/Dev/ml/stanc3/stanc.exe vector.stan
Syntax error in 'vector.stan', line 2, column 7 to column 13, parsing error:
   -------------------------------------------------
     1:  data {
     2:    real vector;
                ^
     3:  }
     4:  model {
   -------------------------------------------------

Expected a new identifier but found reserved keyword 'vector'.
  $ /home/brian/Dev/ml/stanc3/stanc.exe void.stan
Syntax error in 'void.stan', line 2, column 7 to column 11, parsing error:
   -------------------------------------------------
     1:  data {
     2:    real void;
                ^
     3:  }
     4:  model {
   -------------------------------------------------

Expected a new identifier but found reserved keyword 'void'.
  $ /home/brian/Dev/ml/stanc3/stanc.exe while.stan
Syntax error in 'while.stan', line 2, column 7 to column 12, parsing error:
   -------------------------------------------------
     1:  data {
     2:    real while;
                ^
     3:  }
     4:  model {
   -------------------------------------------------

Expected a new identifier but found reserved keyword 'while'.
